21:17:28 **** Incremental Build of configuration Debug for project 04.prac_LCD ****
make -j8 all 
arm-none-eabi-gcc "../Core/Src/main.c" -mcpu=cortex-m3 -std=gnu11 -g3 -DDEBUG -DUSE_HAL_DRIVER -DSTM32F103x6 -c -I../Core/Inc -I../Drivers/STM32F1xx_HAL_Driver/Inc/Legacy -I../Drivers/STM32F1xx_HAL_Driver/Inc -I../Drivers/CMSIS/Device/ST/STM32F1xx/Include -I../Drivers/CMSIS/Include -O0 -ffunction-sections -fdata-sections -Wall -fstack-usage -fcyclomatic-complexity -MMD -MP -MF"Core/Src/main.d" -MT"Core/Src/main.o" --specs=nano.specs -mfloat-abi=soft -mthumb -o "Core/Src/main.o"
arm-none-eabi-gcc -o "04.prac_LCD.elf" @"objects.list"   -mcpu=cortex-m3 -T"/home/dev/01.work_space/01.training_stm32/04.prac_LCD/STM32F103C6TX_FLASH.ld" --specs=nosys.specs -Wl,-Map="04.prac_LCD.map" -Wl,--gc-sections -static --specs=nano.specs -mfloat-abi=soft -mthumb -Wl,--start-group -lc -lm -Wl,--end-group
Finished building target: 04.prac_LCD.elf
 
arm-none-eabi-size  04.prac_LCD.elf 
arm-none-eabi-objdump -h -S 04.prac_LCD.elf  > "04.prac_LCD.list"
arm-none-eabi-objcopy  -O ihex 04.prac_LCD.elf  "04.prac_LCD.hex"
   text	   data	    bss	    dec	    hex	filename
   5140	     12	   1572	   6724	   1a44	04.prac_LCD.elf
Finished building: default.size.stdout
 
Finished building: 04.prac_LCD.hex
 
Finished building: 04.prac_LCD.list
 

21:17:28 Build Finished. 0 errors, 0 warnings. (took 237ms)

