09:37:06 **** Incremental Build of configuration Debug for project 06.interrup ****
make -j8 all 
arm-none-eabi-gcc "../Core/Src/main.c" -mcpu=cortex-m3 -std=gnu11 -g3 -DDEBUG -DUSE_HAL_DRIVER -DSTM32F103x6 -c -I../Core/Inc -I../Drivers/STM32F1xx_HAL_Driver/Inc/Legacy -I../Drivers/STM32F1xx_HAL_Driver/Inc -I../Drivers/CMSIS/Device/ST/STM32F1xx/Include -I../Drivers/CMSIS/Include -O0 -ffunction-sections -fdata-sections -Wall -fstack-usage -fcyclomatic-complexity -MMD -MP -MF"Core/Src/main.d" -MT"Core/Src/main.o" --specs=nano.specs -mfloat-abi=soft -mthumb -o "Core/Src/main.o"
arm-none-eabi-gcc -o "06.interrup.elf" @"objects.list"   -mcpu=cortex-m3 -T"/home/dev/01.work_space/01.training_stm32/06.interrup/STM32F103C6TX_FLASH.ld" --specs=nosys.specs -Wl,-Map="06.interrup.map" -Wl,--gc-sections -static --specs=nano.specs -mfloat-abi=soft -mthumb -Wl,--start-group -lc -lm -Wl,--end-group
Finished building target: 06.interrup.elf
 
arm-none-eabi-size  06.interrup.elf 
arm-none-eabi-objdump -h -S 06.interrup.elf  > "06.interrup.list"
arm-none-eabi-objcopy  -O ihex 06.interrup.elf  "06.interrup.hex"
   text	   data	    bss	    dec	    hex	filename
   4840	     12	   1572	   6424	   1918	06.interrup.elf
Finished building: default.size.stdout
 
Finished building: 06.interrup.hex
 
Finished building: 06.interrup.list
 

09:37:06 Build Finished. 0 errors, 0 warnings. (took 240ms)

